// Jest Snapshot v1, https://goo.gl/fbAQLP

exports[`<ReservationsScheduler /> renders correctly 1`] = `
<Modal
  animationType="slide"
  hardwareAccelerated={false}
  onRequestClose={[MockFunction]}
  transparent={false}
  visible={true}
>
  <View
    style={
      Object {
        "alignItems": "center",
        "backgroundColor": "rgb(255, 255, 255)",
        "flexDirection": "row",
        "height": 65,
        "zIndex": 10,
      }
    }
  >
    <View
      accessible={true}
      hitSlop={
        Object {
          "bottom": 15,
          "left": 15,
          "right": 15,
          "top": 15,
        }
      }
      isTVSelectable={true}
      onResponderGrant={[Function]}
      onResponderMove={[Function]}
      onResponderRelease={[Function]}
      onResponderTerminate={[Function]}
      onResponderTerminationRequest={[Function]}
      onStartShouldSetResponder={[Function]}
      style={
        Object {
          "opacity": 1,
        }
      }
    >
      <Text
        style={
          Array [
            Object {
              "color": "rgb(30, 147, 242)",
              "fontSize": 16,
              "marginLeft": 15,
            },
            Object {
              "fontSize": 35,
            },
          ]
        }
      >
        -
      </Text>
    </View>
    <Text
      style={
        Object {
          "color": "rgb(30, 147, 242)",
          "fontSize": 16,
          "marginLeft": 15,
        }
      }
    >
      New Reservation
    </Text>
  </View>
  <RCTScrollView
    contentContainerStyle={
      Object {
        "flexGrow": 1,
        "paddingTop": 40,
      }
    }
    keyboardShouldPersistTaps="never"
  >
    <View>
      <View
        style={
          Array [
            Object {
              "alignSelf": "stretch",
              "borderBottomWidth": 0.5,
              "borderColor": "rgb(35, 40, 45)",
              "marginHorizontal": 15,
              "marginVertical": 15,
            },
            false,
          ]
        }
      >
        <Text
          style={
            Object {
              "color": "rgb(35, 40, 45)",
              "fontSize": 12,
              "fontWeight": "600",
            }
          }
        >
          Hotel
        </Text>
        <TextInput
          allowFontScaling={true}
          autoCapitalize="words"
          onBlur={[Function]}
          onChangeText={[Function]}
          onFocus={[Function]}
          placeholder="Hilton"
          placeholderTextColor="rgb(211,211,211)"
          rejectResponderTermination={true}
          style={
            Object {
              "color": "rgb(35, 40, 45)",
              "fontSize": 14,
              "paddingHorizontal": 15,
              "paddingVertical": 10,
            }
          }
          underlineColorAndroid="transparent"
          value=""
        />
      </View>
      <View
        style={
          Array [
            Object {
              "alignSelf": "stretch",
              "borderBottomWidth": 0.5,
              "borderColor": "rgb(35, 40, 45)",
              "marginHorizontal": 15,
              "marginVertical": 15,
            },
            false,
          ]
        }
      >
        <Text
          style={
            Object {
              "color": "rgb(35, 40, 45)",
              "fontSize": 12,
              "fontWeight": "600",
            }
          }
        >
          Guest Name
        </Text>
        <TextInput
          allowFontScaling={true}
          autoCapitalize="words"
          onBlur={[Function]}
          onChangeText={[Function]}
          onFocus={[Function]}
          placeholder="John Doe"
          placeholderTextColor="rgb(211,211,211)"
          rejectResponderTermination={true}
          style={
            Object {
              "color": "rgb(35, 40, 45)",
              "fontSize": 14,
              "paddingHorizontal": 15,
              "paddingVertical": 10,
            }
          }
          underlineColorAndroid="transparent"
          value=""
        />
      </View>
      <View
        style={
          Array [
            Object {
              "alignSelf": "stretch",
              "borderBottomWidth": 0.5,
              "borderColor": "rgb(35, 40, 45)",
              "marginHorizontal": 15,
              "marginVertical": 15,
            },
            false,
          ]
        }
      >
        <Text
          style={
            Object {
              "color": "rgb(35, 40, 45)",
              "fontSize": 12,
              "fontWeight": "600",
            }
          }
        >
          Arrival
        </Text>
        <TextInput
          allowFontScaling={true}
          autoCapitalize="words"
          onBlur={[Function]}
          onChangeText={[Function]}
          onFocus={[Function]}
          placeholder="04/02/2019"
          placeholderTextColor="rgb(211,211,211)"
          rejectResponderTermination={true}
          style={
            Object {
              "color": "rgb(35, 40, 45)",
              "fontSize": 14,
              "paddingHorizontal": 15,
              "paddingVertical": 10,
            }
          }
          underlineColorAndroid="transparent"
          value=""
        />
      </View>
      <View
        style={
          Array [
            Object {
              "alignSelf": "stretch",
              "borderBottomWidth": 0.5,
              "borderColor": "rgb(35, 40, 45)",
              "marginHorizontal": 15,
              "marginVertical": 15,
            },
            false,
          ]
        }
      >
        <Text
          style={
            Object {
              "color": "rgb(35, 40, 45)",
              "fontSize": 12,
              "fontWeight": "600",
            }
          }
        >
          Departure
        </Text>
        <TextInput
          allowFontScaling={true}
          autoCapitalize="words"
          onBlur={[Function]}
          onChangeText={[Function]}
          onFocus={[Function]}
          placeholder="04/03/2019"
          placeholderTextColor="rgb(211,211,211)"
          rejectResponderTermination={true}
          style={
            Object {
              "color": "rgb(35, 40, 45)",
              "fontSize": 14,
              "paddingHorizontal": 15,
              "paddingVertical": 10,
            }
          }
          underlineColorAndroid="transparent"
          value=""
        />
      </View>
      <View
        style={
          Object {
            "backgroundColor": "transparent",
            "bottom": 25,
            "position": "absolute",
            "right": 15,
            "zIndex": 10,
          }
        }
      >
        <View
          accessible={true}
          isTVSelectable={true}
          onResponderGrant={[Function]}
          onResponderMove={[Function]}
          onResponderRelease={[Function]}
          onResponderTerminate={[Function]}
          onResponderTerminationRequest={[Function]}
          onStartShouldSetResponder={[Function]}
          style={
            Object {
              "alignItems": "center",
              "backgroundColor": "rgb(30, 147, 242)",
              "borderRadius": 1000,
              "height": 50,
              "justifyContent": "center",
              "opacity": 1,
              "shadowColor": undefined,
              "shadowOffset": Object {
                "height": 1,
                "width": 0,
              },
              "shadowOpacity": 0.5,
              "shadowRadius": 2,
              "width": 50,
            }
          }
        >
          <Text
            style={
              Object {
                "color": "rgb(255, 255, 255)",
                "fontSize": 35,
              }
            }
          >
            +
          </Text>
        </View>
      </View>
    </View>
  </RCTScrollView>
</Modal>
`;
