// Jest Snapshot v1, https://goo.gl/fbAQLP

exports[`<Reservations /> renders correctly 1`] = `
<Text>
  Something went wrong.
</Text>
`;
